[INFO] Scanning for projects...
[INFO] 
[INFO] ------------------< com.government:subsidy-tracking >-------------------
[INFO] Building subsidy-tracking 0.0.1-SNAPSHOT
[INFO]   from pom.xml
[INFO] --------------------------------[ jar ]---------------------------------
[INFO] 
[INFO] >>> spring-boot:3.2.0:run (default-cli) > test-compile @ subsidy-tracking >>>
[INFO] 
[INFO] --- resources:3.3.1:resources (default-resources) @ subsidy-tracking ---
[INFO] Copying 1 resource from src\main\resources to target\classes
[INFO] Copying 0 resource from src\main\resources to target\classes
[INFO] 
[INFO] --- compiler:3.13.0:compile (default-compile) @ subsidy-tracking ---
[INFO] Nothing to compile - all classes are up to date.
[INFO] 
[INFO] --- resources:3.3.1:testResources (default-testResources) @ subsidy-tracking ---
[INFO] skip non existing resourceDirectory C:\Users\reddy\OneDrive\Desktop\final_project\Govt-Subsidy-G2\backend\src\test\resources
[INFO] 
[INFO] --- compiler:3.13.0:testCompile (default-testCompile) @ subsidy-tracking ---
[INFO] Nothing to compile - all classes are up to date.
[INFO] 
[INFO] <<< spring-boot:3.2.0:run (default-cli) < test-compile @ subsidy-tracking <<<
[INFO] 
[INFO] 
[INFO] --- spring-boot:3.2.0:run (default-cli) @ subsidy-tracking ---
[INFO] Attaching agents: []

  .   ____          _            __ _ _
 /\\ / ___'_ __ _ _(_)_ __  __ _ \ \ \ \
( ( )\___ | '_ | '_| | '_ \/ _` | \ \ \ \
 \\/  ___)| |_)| | | | | || (_| |  ) ) ) )
  '  |____| .__|_| |_|_| |_\__, | / / / /
 =========|_|==============|___/=/_/_/_/
 :: Spring Boot ::                (v3.2.0)

2026-08-30T16:21:40.309+05:30  INFO 19448 --- [subsidy-tracking] [           main] c.g.subsidy.SubsidyTrackingApplication   : Starting SubsidyTrackingApplication using Java 22.0.1 with PID 19448 (C:\Users\reddy\OneDrive\Desktop\final_project\Govt-Subsidy-G2\backend\target\classes started by reddy in C:\Users\reddy\OneDrive\Desktop\final_project\Govt-Subsidy-G2\backend)
2026-08-30T16:21:40.312+05:30  INFO 19448 --- [subsidy-tracking] [           main] c.g.subsidy.SubsidyTrackingApplication   : No active profile set, falling back to 1 default profile: "default"
2026-08-30T16:21:41.343+05:30  INFO 19448 --- [subsidy-tracking] [           main] .s.d.r.c.RepositoryConfigurationDelegate : Bootstrapping Spring Data JPA repositories in DEFAULT mode.
2026-08-30T16:21:41.503+05:30  INFO 19448 --- [subsidy-tracking] [           main] .s.d.r.c.RepositoryConfigurationDelegate : Finished Spring Data repository scanning in 151 ms. Found 16 JPA repository interfaces.
2026-08-30T16:21:42.442+05:30  INFO 19448 --- [subsidy-tracking] [           main] o.s.b.w.embedded.tomcat.TomcatWebServer  : Tomcat initialized with port 8080 (http)
2026-08-30T16:21:42.454+05:30  INFO 19448 --- [subsidy-tracking] [           main] o.apache.catalina.core.StandardService   : Starting service [Tomcat]
2026-08-30T16:21:42.454+05:30  INFO 19448 --- [subsidy-tracking] [           main] o.apache.catalina.core.StandardEngine    : Starting Servlet engine: [Apache Tomcat/10.1.16]
2026-08-30T16:21:42.532+05:30  INFO 19448 --- [subsidy-tracking] [           main] o.a.c.c.C.[Tomcat].[localhost].[/]       : Initializing Spring embedded WebApplicationContext
2026-08-30T16:21:42.533+05:30  INFO 19448 --- [subsidy-tracking] [           main] w.s.c.ServletWebServerApplicationContext : Root WebApplicationContext: initialization completed in 2161 ms
2026-08-30T16:21:42.601+05:30  INFO 19448 --- [subsidy-tracking] [           main] com.zaxxer.hikari.HikariDataSource       : HikariPool-1 - Starting...
2026-08-30T16:21:42.807+05:30  INFO 19448 --- [subsidy-tracking] [           main] com.zaxxer.hikari.pool.HikariPool        : HikariPool-1 - Added connection com.mysql.cj.jdbc.ConnectionImpl@459003a0
2026-08-30T16:21:42.808+05:30  INFO 19448 --- [subsidy-tracking] [           main] com.zaxxer.hikari.HikariDataSource       : HikariPool-1 - Start completed.
2026-08-30T16:21:42.818+05:30  INFO 19448 --- [subsidy-tracking] [           main] o.s.b.a.h2.H2ConsoleAutoConfiguration    : H2 console available at '/h2-console'. Database available at 'jdbc:mysql://localhost:3306/subsidy_db?createDatabaseIfNotExist=true&useSSL=false&allowPublicKeyRetrieval=true&serverTimezone=Asia/Kolkata'
2026-08-30T16:21:42.968+05:30  INFO 19448 --- [subsidy-tracking] [           main] o.hibernate.jpa.internal.util.LogHelper  : HHH000204: Processing PersistenceUnitInfo [name: default]
2026-08-30T16:21:43.029+05:30  INFO 19448 --- [subsidy-tracking] [           main] org.hibernate.Version                    : HHH000412: Hibernate ORM core version 6.3.1.Final
2026-08-30T16:21:43.081+05:30  INFO 19448 --- [subsidy-tracking] [           main] o.h.c.internal.RegionFactoryInitiator    : HHH000026: Second-level cache disabled
2026-08-30T16:21:43.314+05:30  INFO 19448 --- [subsidy-tracking] [           main] o.s.o.j.p.SpringPersistenceUnitInfo      : No LoadTimeWeaver setup: ignoring JPA class transformer
2026-08-30T16:21:43.405+05:30  WARN 19448 --- [subsidy-tracking] [           main] org.hibernate.orm.deprecation            : HHH90000025: MySQLDialect does not need to be specified explicitly using 'hibernate.dialect' (remove the property setting and it will be selected by default)
2026-08-30T16:21:44.972+05:30  INFO 19448 --- [subsidy-tracking] [           main] o.h.e.t.j.p.i.JtaPlatformInitiator       : HHH000489: No JTA platform available (set 'hibernate.transaction.jta.platform' to enable JTA platform integration)
2026-08-30T16:21:45.308+05:30  INFO 19448 --- [subsidy-tracking] [           main] j.LocalContainerEntityManagerFactoryBean : Initialized JPA EntityManagerFactory for persistence unit 'default'
2026-08-30T16:21:46.005+05:30  INFO 19448 --- [subsidy-tracking] [           main] o.s.d.j.r.query.QueryEnhancerFactory     : Hibernate is in classpath; If applicable, HQL parser will be used.
2026-08-30T16:21:47.018+05:30  WARN 19448 --- [subsidy-tracking] [           main] JpaBaseConfiguration$JpaWebConfiguration : spring.jpa.open-in-view is enabled by default. Therefore, database queries may be performed during view rendering. Explicitly configure spring.jpa.open-in-view to disable this warning
2026-08-30T16:21:47.466+05:30  INFO 19448 --- [subsidy-tracking] [           main] o.s.s.web.DefaultSecurityFilterChain     : Will secure any request with [org.springframework.security.web.session.DisableEncodeUrlFilter@7531ba53, org.springframework.security.web.context.request.async.WebAsyncManagerIntegrationFilter@72da5f0e, org.springframework.security.web.context.SecurityContextHolderFilter@2921aa59, org.springframework.security.web.header.HeaderWriterFilter@5a8a50b8, org.springframework.web.filter.CorsFilter@2f0170e, org.springframework.security.web.authentication.logout.LogoutFilter@23c2c96d, com.government.subsidy.security.AuthTokenFilter@5c6be812, org.springframework.security.web.savedrequest.RequestCacheAwareFilter@e0fbed5, org.springframework.security.web.servletapi.SecurityContextHolderAwareRequestFilter@27bf05af, org.springframework.security.web.authentication.AnonymousAuthenticationFilter@3829e6ca, org.springframework.security.web.session.SessionManagementFilter@66a97b79, org.springframework.security.web.access.ExceptionTranslationFilter@42f2c28d, org.springframework.security.web.access.intercept.AuthorizationFilter@18d3e7fc]
2026-08-30T16:21:48.136+05:30  WARN 19448 --- [subsidy-tracking] [           main] ConfigServletWebServerApplicationContext : Exception encountered during context initialization - cancelling refresh attempt: org.springframework.context.ApplicationContextException: Failed to start bean 'webServerStartStop'
2026-08-30T16:21:48.139+05:30  INFO 19448 --- [subsidy-tracking] [           main] j.LocalContainerEntityManagerFactoryBean : Closing JPA EntityManagerFactory for persistence unit 'default'
2026-08-30T16:21:48.142+05:30  INFO 19448 --- [subsidy-tracking] [           main] com.zaxxer.hikari.HikariDataSource       : HikariPool-1 - Shutdown initiated...
2026-08-30T16:21:48.154+05:30  INFO 19448 --- [subsidy-tracking] [           main] com.zaxxer.hikari.HikariDataSource       : HikariPool-1 - Shutdown completed.
2026-08-30T16:21:48.173+05:30  INFO 19448 --- [subsidy-tracking] [           main] .s.b.a.l.ConditionEvaluationReportLogger : 

Error starting ApplicationContext. To display the condition evaluation report re-run your application with 'debug' enabled.
2026-08-30T16:21:48.204+05:30 ERROR 19448 --- [subsidy-tracking] [           main] o.s.b.d.LoggingFailureAnalysisReporter   : 

***************************
APPLICATION FAILED TO START
***************************

Description:

Web server failed to start. Port 8080 was already in use.

Action:

Identify and stop the process that's listening on port 8080 or configure this application to listen on another port.

[INFO] ------------------------------------------------------------------------
[INFO] BUILD FAILURE
[INFO] ------------------------------------------------------------------------
[INFO] Total time:  11.327 s
[INFO] Finished at: 2026-08-30T16:21:48+05:30
[INFO] ------------------------------------------------------------------------
[ERROR] Failed to execute goal org.springframework.boot:spring-boot-maven-plugin:3.2.0:run (default-cli) on project subsidy-tracking: Process terminated with exit code: 1 -> [Help 1]
[ERROR] 
[ERROR] To see the full stack trace of the errors, re-run Maven with the -e switch.
[ERROR] Re-run Maven using the -X switch to enable full debug logging.
[ERROR] 
[ERROR] For more information about the errors and possible solutions, please read the following articles:
[ERROR] [Help 1] http://cwiki.apache.org/confluence/display/MAVEN/MojoExecutionException
